[16444037ms] [ERROR] Failed to load resource: the server responded with a status of 500 (Internal Server Error) @ http://localhost:5173/src/components/EditorPane.vue?t=1780345285164:0
[16457242ms] [ERROR] Failed to load resource: the server responded with a status of 500 (Internal Server Error) @ http://localhost:5173/src/components/EditorPane.vue?t=1780345285164:0
[16487653ms] [ERROR] Failed to load resource: the server responded with a status of 500 (Internal Server Error) @ http://localhost:5173/src/components/EditorPane.vue?t=1780345383508:0
[16751213ms] [LOG] [DataQueryService] Constructor called @ http://localhost:5173/@fs/D:/Obsidian%20Vaults/Plugin%20Development/.obsidian/plugins/obsidian-solve/src/solve-js/src/services/DataQueryService.ts:14
[16751233ms] [LOG] [DataQueryService] Data source registered: currency @ http://localhost:5173/@fs/D:/Obsidian%20Vaults/Plugin%20Development/.obsidian/plugins/obsidian-solve/src/solve-js/src/services/DataQueryService.ts:72
[16829273ms] [LOG] [DataQueryService] Constructor called @ http://localhost:5173/@fs/D:/Obsidian%20Vaults/Plugin%20Development/.obsidian/plugins/obsidian-solve/src/solve-js/src/services/DataQueryService.ts:14
[16829283ms] [LOG] [DataQueryService] Data source registered: currency @ http://localhost:5173/@fs/D:/Obsidian%20Vaults/Plugin%20Development/.obsidian/plugins/obsidian-solve/src/solve-js/src/services/DataQueryService.ts:72
[16848678ms] [LOG] [DataQueryService] Constructor called @ http://localhost:5173/@fs/D:/Obsidian%20Vaults/Plugin%20Development/.obsidian/plugins/obsidian-solve/src/solve-js/src/services/DataQueryService.ts:14
[16848702ms] [LOG] [DataQueryService] Data source registered: currency @ http://localhost:5173/@fs/D:/Obsidian%20Vaults/Plugin%20Development/.obsidian/plugins/obsidian-solve/src/solve-js/src/services/DataQueryService.ts:72
[16875937ms] [LOG] [DataQueryService] Constructor called @ http://localhost:5173/@fs/D:/Obsidian%20Vaults/Plugin%20Development/.obsidian/plugins/obsidian-solve/src/solve-js/src/services/DataQueryService.ts:14
[16875965ms] [LOG] [DataQueryService] Data source registered: currency @ http://localhost:5173/@fs/D:/Obsidian%20Vaults/Plugin%20Development/.obsidian/plugins/obsidian-solve/src/solve-js/src/services/DataQueryService.ts:72
[16888721ms] [LOG] [DataQueryService] Constructor called @ http://localhost:5173/@fs/D:/Obsidian%20Vaults/Plugin%20Development/.obsidian/plugins/obsidian-solve/src/solve-js/src/services/DataQueryService.ts:14
[16888756ms] [LOG] [DataQueryService] Data source registered: currency @ http://localhost:5173/@fs/D:/Obsidian%20Vaults/Plugin%20Development/.obsidian/plugins/obsidian-solve/src/solve-js/src/services/DataQueryService.ts:72
[16895125ms] [LOG] [DataQueryService] Constructor called @ http://localhost:5173/@fs/D:/Obsidian%20Vaults/Plugin%20Development/.obsidian/plugins/obsidian-solve/src/solve-js/src/services/DataQueryService.ts:14
[16895179ms] [LOG] [DataQueryService] Data source registered: currency @ http://localhost:5173/@fs/D:/Obsidian%20Vaults/Plugin%20Development/.obsidian/plugins/obsidian-solve/src/solve-js/src/services/DataQueryService.ts:72
[16972768ms] [LOG] [DataQueryService] Constructor called @ http://localhost:5173/@fs/D:/Obsidian%20Vaults/Plugin%20Development/.obsidian/plugins/obsidian-solve/src/solve-js/src/services/DataQueryService.ts:14
[16972777ms] [LOG] [DataQueryService] Data source registered: currency @ http://localhost:5173/@fs/D:/Obsidian%20Vaults/Plugin%20Development/.obsidian/plugins/obsidian-solve/src/solve-js/src/services/DataQueryService.ts:72
[17544624ms] [LOG] [DataQueryService] Constructor called @ http://localhost:5173/@fs/D:/Obsidian%20Vaults/Plugin%20Development/.obsidian/plugins/obsidian-solve/src/solve-js/src/services/DataQueryService.ts:14
[17544632ms] [LOG] [DataQueryService] Data source registered: currency @ http://localhost:5173/@fs/D:/Obsidian%20Vaults/Plugin%20Development/.obsidian/plugins/obsidian-solve/src/solve-js/src/services/DataQueryService.ts:72
[17547598ms] [WARNING] [Vue warn]: Unhandled error during execution of setup function 
  at <PerfTab key=1 > 
  at <DiagnosticsPane> 
  at <App> @ http://localhost:5173/node_modules/.vite/deps/chunk-4FS2IJBR.js?v=40d8bf5b:2242
[17547598ms] [WARNING] [Vue warn]: Unhandled error during execution of component update 
  at <DiagnosticsPane> 
  at <App> @ http://localhost:5173/node_modules/.vite/deps/chunk-4FS2IJBR.js?v=40d8bf5b:2242
[17547594ms] ReferenceError: ref is not defined
    at setup (http://localhost:5173/src/components/PerfTab.vue?t=1780345896046:204:31)
    at callWithErrorHandling (http://localhost:5173/node_modules/.vite/deps/chunk-4FS2IJBR.js?v=40d8bf5b:2391:19)
    at setupStatefulComponent (http://localhost:5173/node_modules/.vite/deps/chunk-4FS2IJBR.js?v=40d8bf5b:10406:25)
    at setupComponent (http://localhost:5173/node_modules/.vite/deps/chunk-4FS2IJBR.js?v=40d8bf5b:10368:36)
    at mountComponent (http://localhost:5173/node_modules/.vite/deps/chunk-4FS2IJBR.js?v=40d8bf5b:8276:7)
    at processComponent (http://localhost:5173/node_modules/.vite/deps/chunk-4FS2IJBR.js?v=40d8bf5b:8242:9)
    at patch (http://localhost:5173/node_modules/.vite/deps/chunk-4FS2IJBR.js?v=40d8bf5b:7736:11)
    at patchBlockChildren (http://localhost:5173/node_modules/.vite/deps/chunk-4FS2IJBR.js?v=40d8bf5b:8111:7)
    at patchElement (http://localhost:5173/node_modules/.vite/deps/chunk-4FS2IJBR.js?v=40d8bf5b:8029:7)
    at processElement (http://localhost:5173/node_modules/.vite/deps/chunk-4FS2IJBR.js?v=40d8bf5b:7874:9)
[17548159ms] [WARNING] [Vue warn]: Unhandled error during execution of component update 
  at <DiagnosticsPane> 
  at <App> @ http://localhost:5173/node_modules/.vite/deps/chunk-4FS2IJBR.js?v=40d8bf5b:2242
[17548155ms] TypeError: Cannot read properties of null (reading 'shapeFlag')
    at getNextHostNode (http://localhost:5173/node_modules/.vite/deps/chunk-4FS2IJBR.js?v=40d8bf5b:9055:15)
    at getNextHostNode (http://localhost:5173/node_modules/.vite/deps/chunk-4FS2IJBR.js?v=40d8bf5b:9056:14)
    at patch (http://localhost:5173/node_modules/.vite/deps/chunk-4FS2IJBR.js?v=40d8bf5b:7686:16)
    at patchBlockChildren (http://localhost:5173/node_modules/.vite/deps/chunk-4FS2IJBR.js?v=40d8bf5b:8111:7)
    at patchElement (http://localhost:5173/node_modules/.vite/deps/chunk-4FS2IJBR.js?v=40d8bf5b:8029:7)
    at processElement (http://localhost:5173/node_modules/.vite/deps/chunk-4FS2IJBR.js?v=40d8bf5b:7874:9)
    at patch (http://localhost:5173/node_modules/.vite/deps/chunk-4FS2IJBR.js?v=40d8bf5b:7724:11)
    at ReactiveEffect.componentUpdateFn [as fn] (http://localhost:5173/node_modules/.vite/deps/chunk-4FS2IJBR.js?v=40d8bf5b:8472:9)
    at ReactiveEffect.run (http://localhost:5173/node_modules/.vite/deps/chunk-4FS2IJBR.js?v=40d8bf5b:534:19)
    at ReactiveEffect.runIfDirty (http://localhost:5173/node_modules/.vite/deps/chunk-4FS2IJBR.js?v=40d8bf5b:572:12)
[17548586ms] [WARNING] [Vue warn]: Unhandled error during execution of component update 
  at <DiagnosticsPane> 
  at <App> @ http://localhost:5173/node_modules/.vite/deps/chunk-4FS2IJBR.js?v=40d8bf5b:2242
[17548589ms] TypeError: Cannot read properties of null (reading 'subTree')
    at getNextHostNode (http://localhost:5173/node_modules/.vite/deps/chunk-4FS2IJBR.js?v=40d8bf5b:9056:46)
    at patch (http://localhost:5173/node_modules/.vite/deps/chunk-4FS2IJBR.js?v=40d8bf5b:7686:16)
    at patchBlockChildren (http://localhost:5173/node_modules/.vite/deps/chunk-4FS2IJBR.js?v=40d8bf5b:8111:7)
    at patchElement (http://localhost:5173/node_modules/.vite/deps/chunk-4FS2IJBR.js?v=40d8bf5b:8029:7)
    at processElement (http://localhost:5173/node_modules/.vite/deps/chunk-4FS2IJBR.js?v=40d8bf5b:7874:9)
    at patch (http://localhost:5173/node_modules/.vite/deps/chunk-4FS2IJBR.js?v=40d8bf5b:7724:11)
    at ReactiveEffect.componentUpdateFn [as fn] (http://localhost:5173/node_modules/.vite/deps/chunk-4FS2IJBR.js?v=40d8bf5b:8472:9)
    at ReactiveEffect.run (http://localhost:5173/node_modules/.vite/deps/chunk-4FS2IJBR.js?v=40d8bf5b:534:19)
    at ReactiveEffect.runIfDirty (http://localhost:5173/node_modules/.vite/deps/chunk-4FS2IJBR.js?v=40d8bf5b:572:12)
    at callWithErrorHandling (http://localhost:5173/node_modules/.vite/deps/chunk-4FS2IJBR.js?v=40d8bf5b:2391:33)
[17549134ms] [WARNING] [Vue warn]: Unhandled error during execution of component update 
  at <DiagnosticsPane> 
  at <App> @ http://localhost:5173/node_modules/.vite/deps/chunk-4FS2IJBR.js?v=40d8bf5b:2242
[17549131ms] TypeError: Cannot read properties of null (reading 'subTree')
    at getNextHostNode (http://localhost:5173/node_modules/.vite/deps/chunk-4FS2IJBR.js?v=40d8bf5b:9056:46)
    at patch (http://localhost:5173/node_modules/.vite/deps/chunk-4FS2IJBR.js?v=40d8bf5b:7686:16)
    at patchBlockChildren (http://localhost:5173/node_modules/.vite/deps/chunk-4FS2IJBR.js?v=40d8bf5b:8111:7)
    at patchElement (http://localhost:5173/node_modules/.vite/deps/chunk-4FS2IJBR.js?v=40d8bf5b:8029:7)
    at processElement (http://localhost:5173/node_modules/.vite/deps/chunk-4FS2IJBR.js?v=40d8bf5b:7874:9)
    at patch (http://localhost:5173/node_modules/.vite/deps/chunk-4FS2IJBR.js?v=40d8bf5b:7724:11)
    at ReactiveEffect.componentUpdateFn [as fn] (http://localhost:5173/node_modules/.vite/deps/chunk-4FS2IJBR.js?v=40d8bf5b:8472:9)
    at ReactiveEffect.run (http://localhost:5173/node_modules/.vite/deps/chunk-4FS2IJBR.js?v=40d8bf5b:534:19)
    at ReactiveEffect.runIfDirty (http://localhost:5173/node_modules/.vite/deps/chunk-4FS2IJBR.js?v=40d8bf5b:572:12)
    at callWithErrorHandling (http://localhost:5173/node_modules/.vite/deps/chunk-4FS2IJBR.js?v=40d8bf5b:2391:33)
[17549487ms] [WARNING] [Vue warn]: Unhandled error during execution of component update 
  at <DiagnosticsPane> 
  at <App> @ http://localhost:5173/node_modules/.vite/deps/chunk-4FS2IJBR.js?v=40d8bf5b:2242
[17549483ms] TypeError: Cannot read properties of null (reading 'subTree')
    at getNextHostNode (http://localhost:5173/node_modules/.vite/deps/chunk-4FS2IJBR.js?v=40d8bf5b:9056:46)
    at patch (http://localhost:5173/node_modules/.vite/deps/chunk-4FS2IJBR.js?v=40d8bf5b:7686:16)
    at patchBlockChildren (http://localhost:5173/node_modules/.vite/deps/chunk-4FS2IJBR.js?v=40d8bf5b:8111:7)
    at patchElement (http://localhost:5173/node_modules/.vite/deps/chunk-4FS2IJBR.js?v=40d8bf5b:8029:7)
    at processElement (http://localhost:5173/node_modules/.vite/deps/chunk-4FS2IJBR.js?v=40d8bf5b:7874:9)
    at patch (http://localhost:5173/node_modules/.vite/deps/chunk-4FS2IJBR.js?v=40d8bf5b:7724:11)
    at ReactiveEffect.componentUpdateFn [as fn] (http://localhost:5173/node_modules/.vite/deps/chunk-4FS2IJBR.js?v=40d8bf5b:8472:9)
    at ReactiveEffect.run (http://localhost:5173/node_modules/.vite/deps/chunk-4FS2IJBR.js?v=40d8bf5b:534:19)
    at ReactiveEffect.runIfDirty (http://localhost:5173/node_modules/.vite/deps/chunk-4FS2IJBR.js?v=40d8bf5b:572:12)
    at callWithErrorHandling (http://localhost:5173/node_modules/.vite/deps/chunk-4FS2IJBR.js?v=40d8bf5b:2391:33)
[17550623ms] [LOG] [DataQueryService] Constructor called @ http://localhost:5173/@fs/D:/Obsidian%20Vaults/Plugin%20Development/.obsidian/plugins/obsidian-solve/src/solve-js/src/services/DataQueryService.ts:14
[17550630ms] [LOG] [DataQueryService] Data source registered: currency @ http://localhost:5173/@fs/D:/Obsidian%20Vaults/Plugin%20Development/.obsidian/plugins/obsidian-solve/src/solve-js/src/services/DataQueryService.ts:72
[17553934ms] [WARNING] [Vue warn]: Unhandled error during execution of setup function 
  at <PerfTab key=1 > 
  at <DiagnosticsPane> 
  at <App> @ http://localhost:5173/node_modules/.vite/deps/chunk-4FS2IJBR.js?v=40d8bf5b:2242
[17553935ms] [WARNING] [Vue warn]: Unhandled error during execution of component update 
  at <DiagnosticsPane> 
  at <App> @ http://localhost:5173/node_modules/.vite/deps/chunk-4FS2IJBR.js?v=40d8bf5b:2242
[17553931ms] ReferenceError: ref is not defined
    at setup (http://localhost:5173/src/components/PerfTab.vue?t=1780345896046:204:31)
    at callWithErrorHandling (http://localhost:5173/node_modules/.vite/deps/chunk-4FS2IJBR.js?v=40d8bf5b:2391:19)
    at setupStatefulComponent (http://localhost:5173/node_modules/.vite/deps/chunk-4FS2IJBR.js?v=40d8bf5b:10406:25)
    at setupComponent (http://localhost:5173/node_modules/.vite/deps/chunk-4FS2IJBR.js?v=40d8bf5b:10368:36)
    at mountComponent (http://localhost:5173/node_modules/.vite/deps/chunk-4FS2IJBR.js?v=40d8bf5b:8276:7)
    at processComponent (http://localhost:5173/node_modules/.vite/deps/chunk-4FS2IJBR.js?v=40d8bf5b:8242:9)
    at patch (http://localhost:5173/node_modules/.vite/deps/chunk-4FS2IJBR.js?v=40d8bf5b:7736:11)
    at patchBlockChildren (http://localhost:5173/node_modules/.vite/deps/chunk-4FS2IJBR.js?v=40d8bf5b:8111:7)
    at patchElement (http://localhost:5173/node_modules/.vite/deps/chunk-4FS2IJBR.js?v=40d8bf5b:8029:7)
    at processElement (http://localhost:5173/node_modules/.vite/deps/chunk-4FS2IJBR.js?v=40d8bf5b:7874:9)
[17554414ms] [WARNING] [Vue warn]: Unhandled error during execution of component update 
  at <DiagnosticsPane> 
  at <App> @ http://localhost:5173/node_modules/.vite/deps/chunk-4FS2IJBR.js?v=40d8bf5b:2242
[17554411ms] TypeError: Cannot read properties of null (reading 'shapeFlag')
    at getNextHostNode (http://localhost:5173/node_modules/.vite/deps/chunk-4FS2IJBR.js?v=40d8bf5b:9055:15)
    at getNextHostNode (http://localhost:5173/node_modules/.vite/deps/chunk-4FS2IJBR.js?v=40d8bf5b:9056:14)
    at patch (http://localhost:5173/node_modules/.vite/deps/chunk-4FS2IJBR.js?v=40d8bf5b:7686:16)
    at patchBlockChildren (http://localhost:5173/node_modules/.vite/deps/chunk-4FS2IJBR.js?v=40d8bf5b:8111:7)
    at patchElement (http://localhost:5173/node_modules/.vite/deps/chunk-4FS2IJBR.js?v=40d8bf5b:8029:7)
    at processElement (http://localhost:5173/node_modules/.vite/deps/chunk-4FS2IJBR.js?v=40d8bf5b:7874:9)
    at patch (http://localhost:5173/node_modules/.vite/deps/chunk-4FS2IJBR.js?v=40d8bf5b:7724:11)
    at ReactiveEffect.componentUpdateFn [as fn] (http://localhost:5173/node_modules/.vite/deps/chunk-4FS2IJBR.js?v=40d8bf5b:8472:9)
    at ReactiveEffect.run (http://localhost:5173/node_modules/.vite/deps/chunk-4FS2IJBR.js?v=40d8bf5b:534:19)
    at ReactiveEffect.runIfDirty (http://localhost:5173/node_modules/.vite/deps/chunk-4FS2IJBR.js?v=40d8bf5b:572:12)
[17555187ms] [WARNING] [Vue warn]: Unhandled error during execution of component update 
  at <DiagnosticsPane> 
  at <App> @ http://localhost:5173/node_modules/.vite/deps/chunk-4FS2IJBR.js?v=40d8bf5b:2242
[17555183ms] TypeError: Cannot read properties of null (reading 'subTree')
    at getNextHostNode (http://localhost:5173/node_modules/.vite/deps/chunk-4FS2IJBR.js?v=40d8bf5b:9056:46)
    at patch (http://localhost:5173/node_modules/.vite/deps/chunk-4FS2IJBR.js?v=40d8bf5b:7686:16)
    at patchBlockChildren (http://localhost:5173/node_modules/.vite/deps/chunk-4FS2IJBR.js?v=40d8bf5b:8111:7)
    at patchElement (http://localhost:5173/node_modules/.vite/deps/chunk-4FS2IJBR.js?v=40d8bf5b:8029:7)
    at processElement (http://localhost:5173/node_modules/.vite/deps/chunk-4FS2IJBR.js?v=40d8bf5b:7874:9)
    at patch (http://localhost:5173/node_modules/.vite/deps/chunk-4FS2IJBR.js?v=40d8bf5b:7724:11)
    at ReactiveEffect.componentUpdateFn [as fn] (http://localhost:5173/node_modules/.vite/deps/chunk-4FS2IJBR.js?v=40d8bf5b:8472:9)
    at ReactiveEffect.run (http://localhost:5173/node_modules/.vite/deps/chunk-4FS2IJBR.js?v=40d8bf5b:534:19)
    at ReactiveEffect.runIfDirty (http://localhost:5173/node_modules/.vite/deps/chunk-4FS2IJBR.js?v=40d8bf5b:572:12)
    at callWithErrorHandling (http://localhost:5173/node_modules/.vite/deps/chunk-4FS2IJBR.js?v=40d8bf5b:2391:33)
